Flow report for fir4dlms
Tue Mar 08 03:09:30 2016
Quartus II 64-Bit Version 13.0.1 Build 232 06/12/2013 Service Pack 1 SJ Web Edition


---------------------
; Table of Contents ;
---------------------
  1. Legal Notice
  2. Flow Summary
  3. Flow Settings
  4. Flow Non-Default Global Settings
  5. Flow Elapsed Time
  6. Flow OS Summary
  7. Flow Log
  8. Flow Messages
  9. Flow Suppressed Messages



----------------
; Legal Notice ;
----------------
Copyright (C) 1991-2013 Altera Corporation
Your use of Altera Corporation's design tools, logic functions 
and other software and tools, and its AMPP partner logic 
functions, and any output files from any of the foregoing 
(including device programming or simulation files), and any 
associated documentation or information are expressly subject 
to the terms and conditions of the Altera Program License 
Subscription Agreement, Altera MegaCore Function License 
Agreement, or other applicable license agreement, including, 
without limitation, that your use is for the sole purpose of 
programming logic devices manufactured by Altera and sold by 
Altera or its authorized distributors.  Please refer to the 
applicable agreement for further details.



+--------------------------------------------------------------------------------------+
; Flow Summary                                                                         ;
+------------------------------------+-------------------------------------------------+
; Flow Status                        ; Successful - Tue Mar 08 03:09:30 2016           ;
; Quartus II 64-Bit Version          ; 13.0.1 Build 232 06/12/2013 SP 1 SJ Web Edition ;
; Revision Name                      ; fir4dlms                                        ;
; Top-level Entity Name              ; fir4dlms                                        ;
; Family                             ; Cyclone IV E                                    ;
; Device                             ; EP4CE115F29C7                                   ;
; Timing Models                      ; Final                                           ;
; Total logic elements               ; 105 / 114,480 ( < 1 % )                         ;
;     Total combinational functions  ; 42 / 114,480 ( < 1 % )                          ;
;     Dedicated logic registers      ; 97 / 114,480 ( < 1 % )                          ;
; Total registers                    ; 97                                              ;
; Total pins                         ; 66 / 529 ( 12 % )                               ;
; Total virtual pins                 ; 0                                               ;
; Total memory bits                  ; 0 / 3,981,312 ( 0 % )                           ;
; Embedded Multiplier 9-bit elements ; 4 / 532 ( < 1 % )                               ;
; Total PLLs                         ; 0 / 4 ( 0 % )                                   ;
+------------------------------------+-------------------------------------------------+


+-----------------------------------------+
; Flow Settings                           ;
+-------------------+---------------------+
; Option            ; Setting             ;
+-------------------+---------------------+
; Start date & time ; 03/08/2016 03:08:50 ;
; Main task         ; Compilation         ;
; Revision Name     ; fir4dlms            ;
+-------------------+---------------------+


+----------------------------------------------------------------------------------------------------------------------------+
; Flow Non-Default Global Settings                                                                                           ;
+-------------------------------------+---------------------------------------+---------------+-------------+----------------+
; Assignment Name                     ; Value                                 ; Default Value ; Entity Name ; Section Id     ;
+-------------------------------------+---------------------------------------+---------------+-------------+----------------+
; ALLOW_POWER_UP_DONT_CARE            ; Off                                   ; On            ; --          ; --             ;
; APEX20K_OPTIMIZATION_TECHNIQUE      ; Speed                                 ; Balanced      ; --          ; --             ;
; AUTO_FAST_INPUT_REGISTERS           ; On                                    ; Off           ; --          ; --             ;
; AUTO_FAST_OUTPUT_REGISTERS          ; On                                    ; Off           ; --          ; --             ;
; CARRY_CHAIN_LENGTH                  ; 64                                    ; 48            ; --          ; --             ;
; COMPILER_SIGNATURE_ID               ; 218315587249745.145742453003892       ; --            ; --          ; --             ;
; CUT_OFF_READ_DURING_WRITE_PATHS     ; Off                                   ; On            ; --          ; --             ;
; CYCLONEII_OPTIMIZATION_TECHNIQUE    ; Speed                                 ; Balanced      ; --          ; --             ;
; CYCLONE_OPTIMIZATION_TECHNIQUE      ; Speed                                 ; Balanced      ; --          ; --             ;
; EDA_NETLIST_WRITER_OUTPUT_DIR       ; .                                     ; --            ; --          ; eda_simulation ;
; EDA_OUTPUT_DATA_FORMAT              ; Vhdl                                  ; --            ; --          ; eda_simulation ;
; EDA_SIMULATION_TOOL                 ; ModelSim-Altera (VHDL)                ; <None>        ; --          ; --             ;
; EXCLUDE_TPD_PATHS_LESS_THAN         ; 0 ns                                  ; --            ; --          ; --             ;
; FITTER_EFFORT                       ; Standard Fit                          ; Auto Fit      ; --          ; --             ;
; FLEX10K_OPTIMIZATION_TECHNIQUE      ; Speed                                 ; Area          ; --          ; --             ;
; FLEX6K_OPTIMIZATION_TECHNIQUE       ; Speed                                 ; Area          ; --          ; --             ;
; FMAX_REQUIREMENT                    ; 1 ns                                  ; --            ; --          ; --             ;
; MAX_CORE_JUNCTION_TEMP              ; 85                                    ; --            ; --          ; --             ;
; MERCURY_OPTIMIZATION_TECHNIQUE      ; Speed                                 ; Area          ; --          ; --             ;
; MIN_CORE_JUNCTION_TEMP              ; 0                                     ; --            ; --          ; --             ;
; PARTITION_COLOR                     ; 16764057                              ; --            ; --          ; Top            ;
; PARTITION_FITTER_PRESERVATION_LEVEL ; PLACEMENT_AND_ROUTING                 ; --            ; --          ; Top            ;
; PARTITION_NETLIST_TYPE              ; SOURCE                                ; --            ; --          ; Top            ;
; POWER_BOARD_THERMAL_MODEL           ; None (CONSERVATIVE)                   ; --            ; --          ; --             ;
; POWER_PRESET_COOLING_SOLUTION       ; 23 MM HEAT SINK WITH 200 LFPM AIRFLOW ; --            ; --          ; --             ;
; STRATIXII_OPTIMIZATION_TECHNIQUE    ; Speed                                 ; Balanced      ; --          ; --             ;
; STRATIX_OPTIMIZATION_TECHNIQUE      ; Speed                                 ; Balanced      ; --          ; --             ;
+-------------------------------------+---------------------------------------+---------------+-------------+----------------+


+-------------------------------------------------------------------------------------------------------------------------------+
; Flow Elapsed Time                                                                                                             ;
+---------------------------+--------------+-------------------------+---------------------+------------------------------------+
; Module Name               ; Elapsed Time ; Average Processors Used ; Peak Virtual Memory ; Total CPU Time (on all processors) ;
+---------------------------+--------------+-------------------------+---------------------+------------------------------------+
; Analysis & Synthesis      ; 00:00:02     ; 1.0                     ; 543 MB              ; 00:00:02                           ;
; Fitter                    ; 00:00:25     ; 1.0                     ; 955 MB              ; 00:00:25                           ;
; Assembler                 ; 00:00:05     ; 1.0                     ; 456 MB              ; 00:00:05                           ;
; TimeQuest Timing Analyzer ; 00:00:03     ; 1.0                     ; 544 MB              ; 00:00:03                           ;
; EDA Netlist Writer        ; 00:00:01     ; 1.0                     ; 402 MB              ; 00:00:01                           ;
; Total                     ; 00:00:36     ; --                      ; --                  ; 00:00:36                           ;
+---------------------------+--------------+-------------------------+---------------------+------------------------------------+


+----------------------------------------------------------------------------------------+
; Flow OS Summary                                                                        ;
+---------------------------+------------------+-----------+------------+----------------+
; Module Name               ; Machine Hostname ; OS Name   ; OS Version ; Processor type ;
+---------------------------+------------------+-----------+------------+----------------+
; Analysis & Synthesis      ; IOT_Arena        ; Windows 7 ; 6.2        ; x86_64         ;
; Fitter                    ; IOT_Arena        ; Windows 7 ; 6.2        ; x86_64         ;
; Assembler                 ; IOT_Arena        ; Windows 7 ; 6.2        ; x86_64         ;
; TimeQuest Timing Analyzer ; IOT_Arena        ; Windows 7 ; 6.2        ; x86_64         ;
; EDA Netlist Writer        ; IOT_Arena        ; Windows 7 ; 6.2        ; x86_64         ;
+---------------------------+------------------+-----------+------------+----------------+


------------
; Flow Log ;
------------
quartus_map --read_settings_files=on --write_settings_files=off fir4dlms -c fir4dlms
quartus_fit --read_settings_files=off --write_settings_files=off fir4dlms -c fir4dlms
quartus_asm --read_settings_files=off --write_settings_files=off fir4dlms -c fir4dlms
quartus_sta fir4dlms -c fir4dlms
quartus_eda --read_settings_files=off --write_settings_files=off fir4dlms -c fir4dlms



